
> gridex-web@0.1.0 build:support
> next build apps/support --webpack

▲ Next.js 16.3.8 (webpack)
✓ Running next.config.ts took 28ms
- Experiments (use with caution):
  · cpus: 1
  ⨯ useTypeScriptCli

  Creating an optimized production build ...
✓ Compiled successfully in 3.0s
  Running TypeScript ...
  Finished TypeScript in 4.6s ...
  Collecting page data using 1 worker ...
  Generating static pages using 1 worker (0/1) ...
✓ Generating static pages using 1 worker (1/1) in 419ms
  Finalizing page optimization ...
  Collecting build traces ...

Route (app)
┌ ƒ /
├ ƒ /_not-found
├ ƒ /api/internal/staff/invitations/deliver
├ ƒ /auth/invitation
├ ƒ /cases/[reference]
├ ƒ /cases/[reference]/attachments/[attachment]
├ ƒ /cases/new
├ ƒ /contact-requests
├ ƒ /contact-requests/[id]
├ ƒ /customers
├ ƒ /customers/[reference]
├ ƒ /login
├ ƒ /login/update-password
└ ƒ /team


ƒ Proxy (Middleware)

ƒ  (Dynamic)  server-rendered on demand

npm notice
npm notice New major version of npm available! 10.9.9 -> 12.2.0
npm notice Changelog: https://github.com/npm/cli/releases/tag/v12.2.0
npm notice To update run: npm install -g npm@12.2.0
npm notice
