
> gridex-web@0.1.0 build:support
> next build apps/support --webpack

▲ Next.js 16.3.0 (webpack)
✓ Running next.config.ts took 43ms
- Experiments (use with caution):
  · cpus: 1
  ⨯ useTypeScriptCli

  Creating an optimized production build ...
✓ Compiled successfully in 3.7s
  Running TypeScript ...
  Finished TypeScript in 3.0s ...
  Collecting page data using 1 worker ...
  Generating static pages using 1 worker (0/1) ...
✓ Generating static pages using 1 worker (1/1) in 286ms
  Finalizing page optimization ...
  Collecting build traces ...

Route (app)
┌ ƒ /
├ ƒ /_not-found
├ ƒ /auth/invitation
├ ƒ /cases/[reference]
├ ƒ /cases/[reference]/attachments/[attachment]
├ ƒ /cases/new
├ ƒ /customers
├ ƒ /customers/[reference]
├ ƒ /login
├ ƒ /login/update-password
└ ƒ /team


ƒ Proxy (Middleware)

ƒ  (Dynamic)  server-rendered on demand
