
> gridex-web@0.1.0 test:support
> node --experimental-strip-types --experimental-loader ./tests/staff-api-loader.mjs tests/staff-api-client.test.mjs && node --experimental-strip-types --experimental-loader ./tests/support-auth-loader.mjs tests/support-auth-session.test.mjs && node --experimental-strip-types --experimental-loader ./tests/support-ui-loader.mjs tests/support-actions.test.mjs && node --experimental-strip-types --experimental-loader ./tests/support-auth-loader.mjs tests/support-onboarding.test.mjs && node --experimental-strip-types --experimental-loader ./tests/support-auth-loader.mjs tests/support-tenant-delivery.test.mjs && node tests/support-tenant-delivery-sql.test.mjs && npm run test:customer-support && node --experimental-strip-types --experimental-loader ./tests/support-public-inquiries-loader.mjs tests/support-public-inquiries.test.mjs

(node:2048) ExperimentalWarning: `--experimental-loader` may be removed in the future; instead use `register()`:
--import 'data:text/javascript,import { register } from "node:module"; import { pathToFileURL } from "node:url"; register("./tests/staff-api-loader.mjs", pathToFileURL("./"));'
(Use `node --trace-warnings ...` to show where the warning was created)
TAP version 13
# Subtest: configuration uses dedicated staff credentials and fails closed without each required setting
ok 1 - configuration uses dedicated staff credentials and fails closed without each required setting
  ---
  duration_ms: 2.901145
  type: 'test'
  ...
# Subtest: RS256 assertion verifies with real RSA and has exact provider identity, bounded lifetime and fresh jti
ok 2 - RS256 assertion verifies with real RSA and has exact provider identity, bounded lifetime and fresh jti
  ---
  duration_ms: 4.620417
  type: 'test'
  ...
# Subtest: no assertion/client or network access without a verified UUID subject or valid configuration
ok 3 - no assertion/client or network access without a verified UUID subject or valid configuration
  ---
  duration_ms: 0.529589
  type: 'test'
  ...
# Subtest: every real request has a fresh signed assertion, fixed HTTPS URL, no cache/manual redirects, and a deadline
ok 4 - every real request has a fresh signed assertion, fixed HTTPS URL, no cache/manual redirects, and a deadline
  ---
  duration_ms: 52.902499
  type: 'test'
  ...
# Subtest: opaque references, bounded queries, unknown query fields and missing idempotency cannot inject a URL or make a request
ok 5 - opaque references, bounded queries, unknown query fields and missing idempotency cannot inject a URL or make a request
  ---
  duration_ms: 2.845801
  type: 'test'
  ...
# Subtest: cursor continuation is passed unchanged and server pagination is exposed without fabricating completeness
ok 6 - cursor continuation is passed unchanged and server pagination is exposed without fabricating completeness
  ---
  duration_ms: 10.62322
  type: 'test'
  ...
# Subtest: upstream 403 retains safe code/request ID, redacts details/message and never retries writes
ok 7 - upstream 403 retains safe code/request ID, redacts details/message and never retries writes
  ---
  duration_ms: 1.69079
  type: 'test'
  ...
# Subtest: upstream 409 retains safe code/request ID, redacts details/message and never retries writes
ok 8 - upstream 409 retains safe code/request ID, redacts details/message and never retries writes
  ---
  duration_ms: 1.216435
  type: 'test'
  ...
# Subtest: upstream 503 retains safe code/request ID, redacts details/message and never retries writes
ok 9 - upstream 503 retains safe code/request ID, redacts details/message and never retries writes
  ---
  duration_ms: 1.311658
  type: 'test'
  ...
# Subtest: manual redirect is refused without following its Location or disclosing credentials
ok 10 - manual redirect is refused without following its Location or disclosing credentials
  ---
  duration_ms: 1.33923
  type: 'test'
  ...
# Subtest: network rejection is redacted and aborted requests finish at the configured deadline
ok 11 - network rejection is redacted and aborted requests finish at the configured deadline
  ---
  duration_ms: 22.71097
  type: 'test'
  ...
# Subtest: JSON content type, schema/version, closed DTO and page consistency are checked before returning data
ok 12 - JSON content type, schema/version, closed DTO and page consistency are checked before returning data
  ---
  duration_ms: 6.185588
  type: 'test'
  ...
# Subtest: case commands use actual contract paths/body/method and require a stable idempotency key
ok 13 - case commands use actual contract paths/body/method and require a stable idempotency key
  ---
  duration_ms: 25.618093
  type: 'test'
  ...
# Subtest: download restricts MIME, size and SHA-256 and returns only safe response metadata
ok 14 - download restricts MIME, size and SHA-256 and returns only safe response metadata
  ---
  duration_ms: 4.015004
  type: 'test'
  ...
# Subtest: successful JSON and binary responses require the configured central OPS project attestation
ok 15 - successful JSON and binary responses require the configured central OPS project attestation
  ---
  duration_ms: 4.405554
  type: 'test'
  ...
# Subtest: purpose-specific local proof cannot impersonate the resolved central actor; normal proof binds both distinct IDs
ok 16 - purpose-specific local proof cannot impersonate the resolved central actor; normal proof binds both distinct IDs
  ---
  duration_ms: 3.902906
  type: 'test'
  ...
# Subtest: identity transport uses fixed POST{}, verified bearer and fresh local purpose proof with central project attestation
ok 17 - identity transport uses fixed POST{}, verified bearer and fresh local purpose proof with central project attestation
  ---
  duration_ms: 2.878441
  type: 'test'
  ...
# Subtest: identity resolution rejects unverified storage, wrong versions and nonclosed or malformed bindings
ok 18 - identity resolution rejects unverified storage, wrong versions and nonclosed or malformed bindings
  ---
  duration_ms: 8.647721
  type: 'test'
  ...
# Subtest: identity errors do not disclose upstream detail or retry; redirects never forward the local bearer
ok 19 - identity errors do not disclose upstream detail or retry; redirects never forward the local bearer
  ---
  duration_ms: 4.962674
  type: 'test'
  ...
# Subtest: queue/detail/users/customer search and create/status/assignment use their distinct contract envelopes
ok 20 - queue/detail/users/customer search and create/status/assignment use their distinct contract envelopes
  ---
  duration_ms: 60.115046
  type: 'test'
  ...
# Subtest: controlled commands reject extra actor/company fields and invalid statuses before submitting
ok 21 - controlled commands reject extra actor/company fields and invalid statuses before submitting
  ---
  duration_ms: 0.607677
  type: 'test'
  ...
# Subtest: body and attachment limits reject oversized declared or streamed content before it reaches the UI
ok 22 - body and attachment limits reject oversized declared or streamed content before it reaches the UI
  ---
  duration_ms: 4.676432
  type: 'test'
  ...
# Subtest: customer read/contact/identity and tenant staff management use only documented methods, paths and result schemas
ok 23 - customer read/contact/identity and tenant staff management use only documented methods, paths and result schemas
  ---
  duration_ms: 49.090521
  type: 'test'
  ...
# Subtest: staff target UUIDs and versioned contact shapes are validated before any request
ok 24 - staff target UUIDs and versioned contact shapes are validated before any request
  ---
  duration_ms: 0.719686
  type: 'test'
  ...
# Subtest: tenant user/contact authorization and stale conflicts propagate with no retries or role authority invented by portal
ok 25 - tenant user/contact authorization and stale conflicts propagate with no retries or role authority invented by portal
  ---
  duration_ms: 4.603722
  type: 'test'
  ...
1..25
# tests 25
# suites 0
# pass 25
# fail 0
# cancelled 0
# skipped 0
# todo 0
# duration_ms 296.431267
(node:2073) ExperimentalWarning: `--experimental-loader` may be removed in the future; instead use `register()`:
--import 'data:text/javascript,import { register } from "node:module"; import { pathToFileURL } from "node:url"; register("./tests/support-auth-loader.mjs", pathToFileURL("./"));'
(Use `node --trace-warnings ...` to show where the warning was created)
TAP version 13
# Subtest: dedicated auth config rejects website fallback, other projects, service-role and secret keys
ok 1 - dedicated auth config rejects website fallback, other projects, service-role and secret keys
  ---
  duration_ms: 1.373702
  type: 'test'
  ...
# Subtest: verified production Auth user is bound to fresh staff assertion, configured Gridex company and limit1 authorization probe
ok 2 - verified production Auth user is bound to fresh staff assertion, configured Gridex company and limit1 authorization probe
  ---
  duration_ms: 53.710187
  type: 'test'
  ...
# Subtest: missing or malformed verified subject redirects before assertion/API creation
ok 3 - missing or malformed verified subject redirects before assertion/API creation
  ---
  duration_ms: 1.5916
  type: 'test'
  ...
# Subtest: temporary-password flag refuses protected session before signing or authorization requests
ok 4 - temporary-password flag refuses protected session before signing or authorization requests
  ---
  duration_ms: 0.281634
  type: 'test'
  ...
# Subtest: denied membership/scopes and revoked credential redirect to explicit access_denied without a retry
ok 5 - denied membership/scopes and revoked credential redirect to explicit access_denied without a retry
  ---
  duration_ms: 0.541146
  type: 'test'
  ...
# Subtest: unbound or revoked identity denies access before a Staff client is created, without an identity retry
ok 6 - unbound or revoked identity denies access before a Staff client is created, without an identity retry
  ---
  duration_ms: 0.711092
  type: 'test'
  ...
# Subtest: resolver binding must match verified local identity; user_metadata cannot select a central actor or company
ok 7 - resolver binding must match verified local identity; user_metadata cannot select a central actor or company
  ---
  duration_ms: 1.303756
  type: 'test'
  ...
# Subtest: missing bearer never reaches resolver; transport failure stays unavailable instead of becoming signed out
ok 8 - missing bearer never reaches resolver; transport failure stays unavailable instead of becoming signed out
  ---
  duration_ms: 0.337458
  type: 'test'
  ...
# Subtest: Auth and Staff API network/configuration failures propagate instead of masquerading as signed-out users
ok 9 - Auth and Staff API network/configuration failures propagate instead of masquerading as signed-out users
  ---
  duration_ms: 0.496869
  type: 'test'
  ...
# Subtest: auth cookie adapter is separate, host-only/httpOnly/secure/lax and supports complete chunk rotation
ok 10 - auth cookie adapter is separate, host-only/httpOnly/secure/lax and supports complete chunk rotation
  ---
  duration_ms: 0.717943
  type: 'test'
  ...
# Subtest: RSC adapter ignores only the known Next read-only cookie mutation error and surfaces all unexpected failures
ok 11 - RSC adapter ignores only the known Next read-only cookie mutation error and surfaces all unexpected failures
  ---
  duration_ms: 0.264629
  type: 'test'
  ...
# Subtest: installed Supabase SSR verifies getUser over its Auth transport instead of trusting cookie user claims
ok 12 - installed Supabase SSR verifies getUser over its Auth transport instead of trusting cookie user claims
  ---
  duration_ms: 11.817552
  type: 'test'
  ...
1..12
# tests 12
# suites 0
# pass 12
# fail 0
# cancelled 0
# skipped 0
# todo 0
# duration_ms 78.12739
(node:2086) ExperimentalWarning: `--experimental-loader` may be removed in the future; instead use `register()`:
--import 'data:text/javascript,import { register } from "node:module"; import { pathToFileURL } from "node:url"; register("./tests/support-ui-loader.mjs", pathToFileURL("./"));'
(Use `node --trace-warnings ...` to show where the warning was created)
TAP version 13
# Subtest: actual new-case page selects a scoped customer absent from its first50 search rows
ok 1 - actual new-case page selects a scoped customer absent from its first50 search rows
  ---
  duration_ms: 92.837393
  type: 'test'
  ...
# Subtest: actual new-case search preserves its verified selection on the next GET render
ok 2 - actual new-case search preserves its verified selection on the next GET render
  ---
  duration_ms: 21.523629
  type: 'test'
  ...
# Subtest: actual new-case options deduplicate an already-listed selected customer
ok 3 - actual new-case options deduplicate an already-listed selected customer
  ---
  duration_ms: 7.769877
  type: 'test'
  ...
# Subtest: actual new-case without selected customer keeps the normal search and empty default
ok 4 - actual new-case without selected customer keeps the normal search and empty default
  ---
  duration_ms: 6.079428
  type: 'test'
  ...
# Subtest: actual new-case refuses an unverified selected reference: 404
ok 5 - actual new-case refuses an unverified selected reference: 404
  ---
  duration_ms: 5.710872
  type: 'test'
  ...
# Subtest: actual new-case refuses an unverified selected reference: 422
ok 6 - actual new-case refuses an unverified selected reference: 422
  ---
  duration_ms: 3.827352
  type: 'test'
  ...
# Subtest: actual new-case selected reference cannot bypass a foreign staff session
ok 7 - actual new-case selected reference cannot bypass a foreign staff session
  ---
  duration_ms: 2.627092
  type: 'test'
  ...
# Subtest: offline fixture serves all actual read DTOs, history cursor continuation and verified attachment bytes
ok 8 - offline fixture serves all actual read DTOs, history cursor continuation and verified attachment bytes
  ---
  duration_ms: 44.441129
  type: 'test'
  ...
# Subtest: offline fixture rejects wrong RSA, assertion replay, actor/company/key injection and outbound hosts
ok 9 - offline fixture rejects wrong RSA, assertion replay, actor/company/key injection and outbound hosts
  ---
  duration_ms: 82.025218
  type: 'test'
  ...
# Subtest: offline boundary refuses wrong storage target before assertion consumption or fixture mutation
ok 10 - offline boundary refuses wrong storage target before assertion consumption or fixture mutation
  ---
  duration_ms: 2.656937
  type: 'test'
  ...
# Subtest: actual action authorization probe blocks missing/wrong response attestation before any write
ok 11 - actual action authorization probe blocks missing/wrong response attestation before any write
  ---
  duration_ms: 5.773055
  type: 'test'
  ...
# Subtest: installed Auth SDK logs in and verifies synthetic user over gridex-prod boundary with isolated cookies
ok 12 - installed Auth SDK logs in and verifies synthetic user over gridex-prod boundary with isolated cookies
  ---
  duration_ms: 4.944115
  type: 'test'
  ...
# Subtest: actual login action verifies issued session before API admission and wrong credentials cannot authorize a request
ok 13 - actual login action verifies issued session before API admission and wrong credentials cannot authorize a request
  ---
  duration_ms: 4.80713
  type: 'test'
  ...
# Subtest: actual login does not admit authenticated other-company users or temporary-password credentials
ok 14 - actual login does not admit authenticated other-company users or temporary-password credentials
  ---
  duration_ms: 4.696623
  type: 'test'
  ...
# Subtest: actual password update verifies authenticated subject and signout removes the isolated session
ok 15 - actual password update verifies authenticated subject and signout removes the isolated session
  ---
  duration_ms: 3.406717
  type: 'test'
  ...
# Subtest: actual reply action re-verifies Auth and cannot take actor/company/permission authority from browser fields
ok 16 - actual reply action re-verifies Auth and cannot take actor/company/permission authority from browser fields
  ---
  duration_ms: 31.950052
  type: 'test'
  ...
# Subtest: actual action denies removed external binding despite valid own Auth, same email and forged actor metadata
ok 17 - actual action denies removed external binding despite valid own Auth, same email and forged actor metadata
  ---
  duration_ms: 2.141359
  type: 'test'
  ...
# Subtest: a previously resolved Staff client cannot use a revoked binding or exchange a local proof for normal Staff access
ok 18 - a previously resolved Staff client cannot use a revoked binding or exchange a local proof for normal Staff access
  ---
  duration_ms: 4.728071
  type: 'test'
  ...
# Subtest: valid RSA purpose exchange and wrong binding claims are refused before a fixture write effect
ok 19 - valid RSA purpose exchange and wrong binding claims are refused before a fixture write effect
  ---
  duration_ms: 5.850223
  type: 'test'
  ...
# Subtest: actual commands preserve documented note/phone/status/assignee payloads and caller idempotency exactly once
ok 20 - actual commands preserve documented note/phone/status/assignee payloads and caller idempotency exactly once
  ---
  duration_ms: 54.115128
  type: 'test'
  ...
# Subtest: actual write replay keeps one event and changed-payload409 returns safely without retries or cache revalidation
ok 21 - actual write replay keeps one event and changed-payload409 returns safely without retries or cache revalidation
  ---
  duration_ms: 12.00869
  type: 'test'
  ...
# Subtest: readonly staff authorizes reads but API-denied action has no effect and is submitted once
ok 22 - readonly staff authorizes reads but API-denied action has no effect and is submitted once
  ---
  duration_ms: 3.944869
  type: 'test'
  ...
# Subtest: other-company and absent sessions are rejected before command submission
ok 23 - other-company and absent sessions are rejected before command submission
  ---
  duration_ms: 2.538668
  type: 'test'
  ...
# Subtest: actual contact action maps one allowlisted field plus optimistic version and ignores forged identity/company
ok 24 - actual contact action maps one allowlisted field plus optimistic version and ignores forged identity/company
  ---
  duration_ms: 12.971341
  type: 'test'
  ...
# Subtest: actual contact stale409 and invalid-version422 retain state and never retry writes
ok 25 - actual contact stale409 and invalid-version422 retain state and never retry writes
  ---
  duration_ms: 9.425714
  type: 'test'
  ...
# Subtest: actual team actions preserve invite intent, UUID target, role, disable and empty enable DTO with one stable key
ok 26 - actual team actions preserve invite intent, UUID target, role, disable and empty enable DTO with one stable key
  ---
  duration_ms: 33.868555
  type: 'test'
  ...
# Subtest: actual create action uses authenticated tenant/customer binding and redirects only after successful API result
ok 27 - actual create action uses authenticated tenant/customer binding and redirects only after successful API result
  ---
  duration_ms: 11.154722
  type: 'test'
  ...
# Subtest: missing idempotency/config and malformed target fail closed before any write fetch
ok 28 - missing idempotency/config and malformed target fail closed before any write fetch
  ---
  duration_ms: 6.920786
  type: 'test'
  ...
1..28
# tests 28
# suites 0
# pass 28
# fail 0
# cancelled 0
# skipped 0
# todo 0
# duration_ms 499.200638
(node:2099) ExperimentalWarning: `--experimental-loader` may be removed in the future; instead use `register()`:
--import 'data:text/javascript,import { register } from "node:module"; import { pathToFileURL } from "node:url"; register("./tests/support-auth-loader.mjs", pathToFileURL("./"));'
(Use `node --trace-warnings ...` to show where the warning was created)
TAP version 13
# Subtest: pre-membership acceptance uses actual verified Prod Auth and fresh signed proof; first password precedes canonical API acceptance
ok 1 - pre-membership acceptance uses actual verified Prod Auth and fresh signed proof; first password precedes canonical API acceptance
  ---
  duration_ms: 23.120767
  type: 'test'
  ...
# Subtest: default Auth fragment credentials are verified before storing this portal session on explicit submit
ok 2 - default Auth fragment credentials are verified before storing this portal session on explicit submit
  ---
  duration_ms: 1.615946
  type: 'test'
  ...
# Subtest: PKCE and token-hash Auth links are exchanged only on explicit submission
ok 3 - PKCE and token-hash Auth links are exchanged only on explicit submission
  ---
  duration_ms: 3.926271
  type: 'test'
  ...
# Subtest: invalid token/key/password or contradictory Auth link mode stops before Auth/API writes
ok 4 - invalid token/key/password or contradictory Auth link mode stops before Auth/API writes
  ---
  duration_ms: 0.33133
  type: 'test'
  ...
# Subtest: unconfirmed, missing or invalid Auth subject cannot sign a request or update a password
ok 5 - unconfirmed, missing or invalid Auth subject cannot sign a request or update a password
  ---
  duration_ms: 0.522568
  type: 'test'
  ...
# Subtest: denied canonical acceptance, redirects, invalid response, wrong target or network error is redacted and never retried
ok 6 - denied canonical acceptance, redirects, invalid response, wrong target or network error is redacted and never retried
  ---
  duration_ms: 5.594396
  type: 'test'
  ...
# Subtest: retry after acceptance failure keeps canonical idempotency stable and creates fresh single-use proofs
ok 7 - retry after acceptance failure keeps canonical idempotency stable and creates fresh single-use proofs
  ---
  duration_ms: 2.181079
  type: 'test'
  ...
# Subtest: failed first-password completion creates no tenant membership through the onboarding API
ok 8 - failed first-password completion creates no tenant membership through the onboarding API
  ---
  duration_ms: 0.302326
  type: 'test'
  ...
1..8
# tests 8
# suites 0
# pass 8
# fail 0
# cancelled 0
# skipped 0
# todo 0
# duration_ms 55.146058
(node:2112) ExperimentalWarning: `--experimental-loader` may be removed in the future; instead use `register()`:
--import 'data:text/javascript,import { register } from "node:module"; import { pathToFileURL } from "node:url"; register("./tests/support-auth-loader.mjs", pathToFileURL("./"));'
(Use `node --trace-warnings ...` to show where the warning was created)
TAP version 13
# Subtest: server registration requires the exact OPS public JWK kid before local service construction
ok 1 - server registration requires the exact OPS public JWK kid before local service construction
  ---
  duration_ms: 3.62729
  type: 'test'
  ...
# Subtest: registered OPS signature delivers only tenant Auth and returns actual signed tenant receipt bound to distinct actor/local IDs
ok 2 - registered OPS signature delivers only tenant Auth and returns actual signed tenant receipt bound to distinct actor/local IDs
  ---
  duration_ms: 20.738735
  type: 'test'
  ...
# Subtest: durable completed retry returns fresh signed receipt without another account/email, independent of jsonb key order
ok 3 - durable completed retry returns fresh signed receipt without another account/email, independent of jsonb key order
  ---
  duration_ms: 4.452624
  type: 'test'
  ...
# Subtest: forged/foreign/expired/purpose-mismatched proofs, browser callback and extra fields stop before database/Auth construction
ok 4 - forged/foreign/expired/purpose-mismatched proofs, browser callback and extra fields stop before database/Auth construction
  ---
  duration_ms: 52.72376
  type: 'test'
  ...
# Subtest: same durable delivery with changed callback/name fingerprint refuses reuse before a second email
ok 5 - same durable delivery with changed callback/name fingerprint refuses reuse before a second email
  ---
  duration_ms: 2.208751
  type: 'test'
  ...
# Subtest: provider or completion failure leaves indeterminate delivery and never automatically resends
ok 6 - provider or completion failure leaves indeterminate delivery and never automatically resends
  ---
  duration_ms: 4.279904
  type: 'test'
  ...
# Subtest: concurrent calls own one durable claim and perform one provider send
ok 7 - concurrent calls own one durable claim and perform one provider send
  ---
  duration_ms: 2.138475
  type: 'test'
  ...
# Subtest: real local Auth ports create only local invite or OTP, preserve shouldCreateUser false, and never rotate another password
ok 8 - real local Auth ports create only local invite or OTP, preserve shouldCreateUser false, and never rotate another password
  ---
  duration_ms: 0.393783
  type: 'test'
  ...
1..8
# tests 8
# suites 0
# pass 8
# fail 0
# cancelled 0
# skipped 0
# todo 0
# duration_ms 115.749611
TAP version 13
# Subtest: actual tenant migration enforces private ACL, durable single ownership, identity FK, idempotency and no automatic resend
ok 1 - actual tenant migration enforces private ACL, durable single ownership, identity FK, idempotency and no automatic resend
  ---
  duration_ms: 993.286042
  type: 'test'
  ...
1..1
# tests 1
# suites 0
# pass 1
# fail 0
# cancelled 0
# skipped 0
# todo 0
# duration_ms 1039.710311

> gridex-web@0.1.0 test:customer-support
> node --experimental-strip-types --experimental-loader ./tests/staff-api-loader.mjs tests/customer-support-api.test.mjs && node --experimental-strip-types --experimental-loader ./tests/customer-support-handoff-loader.mjs tests/customer-support-handoff.test.mjs

(node:2145) ExperimentalWarning: `--experimental-loader` may be removed in the future; instead use `register()`:
--import 'data:text/javascript,import { register } from "node:module"; import { pathToFileURL } from "node:url"; register("./tests/staff-api-loader.mjs", pathToFileURL("./"));'
(Use `node --trace-warnings ...` to show where the warning was created)
TAP version 13
# Subtest: lists canonical support cases with verified customer headers and preserves pagination
ok 1 - lists canonical support cases with verified customer headers and preserves pagination
  ---
  duration_ms: 31.939687
  type: 'test'
  ...
# Subtest: reads case detail and only customer-visible messages from their canonical endpoints
ok 2 - reads case detail and only customer-visible messages from their canonical endpoints
  ---
  duration_ms: 14.845798
  type: 'test'
  ...
# Subtest: creates one canonical case with the closed customer payload and an unchanged retry identity
ok 3 - creates one canonical case with the closed customer payload and an unchanged retry identity
  ---
  duration_ms: 10.036676
  type: 'test'
  ...
# Subtest: sends a customer message without accepting a staff actor or visibility in the payload
ok 4 - sends a customer message without accepting a staff actor or visibility in the payload
  ---
  duration_ms: 7.275571
  type: 'test'
  ...
# Subtest: rejects invalid or injected case reference before transport: ""
ok 5 - rejects invalid or injected case reference before transport: ""
  ---
  duration_ms: 0.912566
  type: 'test'
  ...
# Subtest: rejects invalid or injected case reference before transport: "44444444-4444-4444-8444-444444444444"
ok 6 - rejects invalid or injected case reference before transport: "44444444-4444-4444-8444-444444444444"
  ---
  duration_ms: 0.254824
  type: 'test'
  ...
# Subtest: rejects invalid or injected case reference before transport: "../messages"
ok 7 - rejects invalid or injected case reference before transport: "../messages"
  ---
  duration_ms: 0.616219
  type: 'test'
  ...
# Subtest: rejects invalid or injected case reference before transport: "support_case_aaaaaaaaaaaaaaaaaaaaaaaaaaaaaaaa/messages"
ok 8 - rejects invalid or injected case reference before transport: "support_case_aaaaaaaaaaaaaaaaaaaaaaaaaaaaaaaa/messages"
  ---
  duration_ms: 0.453594
  type: 'test'
  ...
# Subtest: rejects invalid or injected case reference before transport: "support_case_aaaaaaaaaaaaaaaaaaaaaaaaaaaaaaaa?company_id=foreign"
ok 9 - rejects invalid or injected case reference before transport: "support_case_aaaaaaaaaaaaaaaaaaaaaaaaaaaaaaaa?company_id=foreign"
  ---
  duration_ms: 0.308705
  type: 'test'
  ...
# Subtest: rejects invalid or injected case reference before transport: "support_case_aaaaaaaaaaaaaaaaaaaaaaaaaaaaaaaa%2fmessages"
ok 10 - rejects invalid or injected case reference before transport: "support_case_aaaaaaaaaaaaaaaaaaaaaaaaaaaaaaaa%2fmessages"
  ---
  duration_ms: 0.241764
  type: 'test'
  ...
# Subtest: rejects invalid or injected case reference before transport: "support_case_aaaaaaaaaaaaaaaaaaaaaaaaaaaaaaaa\\n"
ok 11 - rejects invalid or injected case reference before transport: "support_case_aaaaaaaaaaaaaaaaaaaaaaaaaaaaaaaa\\n"
  ---
  duration_ms: 0.151649
  type: 'test'
  ...
# Subtest: requires a valid stable idempotency key before transport: undefined
ok 12 - requires a valid stable idempotency key before transport: undefined
  ---
  duration_ms: 0.31138
  type: 'test'
  ...
# Subtest: requires a valid stable idempotency key before transport: ""
ok 13 - requires a valid stable idempotency key before transport: ""
  ---
  duration_ms: 0.125239
  type: 'test'
  ...
# Subtest: requires a valid stable idempotency key before transport: "short"
ok 14 - requires a valid stable idempotency key before transport: "short"
  ---
  duration_ms: 0.113391
  type: 'test'
  ...
# Subtest: requires a valid stable idempotency key before transport: " key-with-space"
ok 15 - requires a valid stable idempotency key before transport: " key-with-space"
  ---
  duration_ms: 0.116566
  type: 'test'
  ...
# Subtest: requires a valid stable idempotency key before transport: "operation/key"
ok 16 - requires a valid stable idempotency key before transport: "operation/key"
  ---
  duration_ms: 0.089775
  type: 'test'
  ...
# Subtest: requires a valid stable idempotency key before transport: "xxxxxxxxxxxxxxxxxxxxxxxxxxxxxxxxxxxxxxxxxxxxxxxxxxxxxxxxxxxxxxxxxxxxxxxxxxxxxxxxxxxxxxxxxxxxxxxxxxxxxxxxxxxxxxxxxxxxxxxxxxxxxxxxxxxxxxxxxxxxxxxxxxxxxxxxxxxxxxxxxxxxxxxxxxxxxxxxxxxxxxxxxxxxxxxxxxxxxxxxx"
ok 17 - requires a valid stable idempotency key before transport: "xxxxxxxxxxxxxxxxxxxxxxxxxxxxxxxxxxxxxxxxxxxxxxxxxxxxxxxxxxxxxxxxxxxxxxxxxxxxxxxxxxxxxxxxxxxxxxxxxxxxxxxxxxxxxxxxxxxxxxxxxxxxxxxxxxxxxxxxxxxxxxxxxxxxxxxxxxxxxxxxxxxxxxxxxxxxxxxxxxxxxxxxxxxxxxxxxxxxxxxxx"
  ---
  duration_ms: 0.143045
  type: 'test'
  ...
# Subtest: requires a valid stable idempotency key before transport: "operation-valid-key\\n"
ok 18 - requires a valid stable idempotency key before transport: "operation-valid-key\\n"
  ---
  duration_ms: 0.324189
  type: 'test'
  ...
# Subtest: rejects out-of-contract paging and identity fields rather than creating arbitrary query parameters
ok 19 - rejects out-of-contract paging and identity fields rather than creating arbitrary query parameters
  ---
  duration_ms: 0.366593
  type: 'test'
  ...
# Subtest: inherits request schema validation for empty and oversized customer text
ok 20 - inherits request schema validation for empty and oversized customer text
  ---
  duration_ms: 14.335249
  type: 'test'
  ...
# Subtest: does not forward tenant identity, internal notes, author or priority from a customer request
ok 21 - does not forward tenant identity, internal notes, author or priority from a customer request
  ---
  duration_ms: 0.478561
  type: 'test'
  ...
# Subtest: rejects malformed canonical responses instead of presenting a local or empty success
ok 22 - rejects malformed canonical responses instead of presenting a local or empty success
  ---
  duration_ms: 5.899747
  type: 'test'
  ...
# Subtest: preserves OPS 403 customer_assertion_required without local fallback or write retry
ok 23 - preserves OPS 403 customer_assertion_required without local fallback or write retry
  ---
  duration_ms: 4.304892
  type: 'test'
  ...
# Subtest: preserves OPS 404 support_case_not_found without local fallback or write retry
ok 24 - preserves OPS 404 support_case_not_found without local fallback or write retry
  ---
  duration_ms: 3.266536
  type: 'test'
  ...
# Subtest: preserves OPS 409 support_case_closed without local fallback or write retry
ok 25 - preserves OPS 409 support_case_closed without local fallback or write retry
  ---
  duration_ms: 3.224383
  type: 'test'
  ...
# Subtest: preserves OPS 429 rate_limited without local fallback or write retry
ok 26 - preserves OPS 429 rate_limited without local fallback or write retry
  ---
  duration_ms: 2.952833
  type: 'test'
  ...
# Subtest: preserves OPS 503 support_unavailable without local fallback or write retry
ok 27 - preserves OPS 503 support_unavailable without local fallback or write retry
  ---
  duration_ms: 3.644405
  type: 'test'
  ...
1..27
# tests 27
# suites 0
# pass 27
# fail 0
# cancelled 0
# skipped 0
# todo 0
# duration_ms 345.397386
(node:2158) ExperimentalWarning: `--experimental-loader` may be removed in the future; instead use `register()`:
--import 'data:text/javascript,import { register } from "node:module"; import { pathToFileURL } from "node:url"; register("./tests/customer-support-handoff-loader.mjs", pathToFileURL("./"));'
(Use `node --trace-warnings ...` to show where the warning was created)
TAP version 13
# Subtest: actual dashboard create writes one canonical case visible to signed Staff API, never legacy support tables
ok 1 - actual dashboard create writes one canonical case visible to signed Staff API, never legacy support tables
  ---
  duration_ms: 112.418036
  type: 'test'
  ...
# Subtest: real customer reply and Staff reply share history while internal notes stay outside Customer DTOs and actual service
ok 2 - real customer reply and Staff reply share history while internal notes stay outside Customer DTOs and actual service
  ---
  duration_ms: 58.632335
  type: 'test'
  ...
# Subtest: Staff-created case uses explicit canonical customer binding and frozen Customer DTO while keeping internal description and notes private
ok 3 - Staff-created case uses explicit canonical customer binding and frozen Customer DTO while keeping internal description and notes private
  ---
  duration_ms: 24.337273
  type: 'test'
  ...
# Subtest: customer stable reply replay yields one event; changed payload conflicts409 without retry or side effect
ok 4 - customer stable reply replay yields one event; changed payload conflicts409 without retry or side effect
  ---
  duration_ms: 11.932706
  type: 'test'
  ...
# Subtest: foreign verified customer cannot read or mutate an owned case through real helper, service or forged form
ok 5 - foreign verified customer cannot read or mutate an owned case through real helper, service or forged form
  ---
  duration_ms: 15.94013
  type: 'test'
  ...
# Subtest: absent verified own Auth rejects actual actions and service before any Customer API or local query
ok 6 - absent verified own Auth rejects actual actions and service before any Customer API or local query
  ---
  duration_ms: 1.21366
  type: 'test'
  ...
# Subtest: API503 is propagated by real dashboard mutations once each with zero local fallback or canonical effects
ok 7 - API503 is propagated by real dashboard mutations once each with zero local fallback or canonical effects
  ---
  duration_ms: 5.42363
  type: 'test'
  ...
# Subtest: caller identity mismatch at actual service is denied, and malformed IDs/rate rejection cannot reach either persistence surface
ok 8 - caller identity mismatch at actual service is denied, and malformed IDs/rate rejection cannot reach either persistence surface
  ---
  duration_ms: 1.076123
  type: 'test'
  ...
# Subtest: actual Customer response schema rejects malformed success data rather than trusting a legacy ticket or leaking an extra internal field
ok 9 - actual Customer response schema rejects malformed success data rather than trusting a legacy ticket or leaking an extra internal field
  ---
  duration_ms: 5.576861
  type: 'test'
  ...
1..9
# tests 9
# suites 0
# pass 9
# fail 0
# cancelled 0
# skipped 0
# todo 0
# duration_ms 246.445104
(node:2171) ExperimentalWarning: `--experimental-loader` may be removed in the future; instead use `register()`:
--import 'data:text/javascript,import { register } from "node:module"; import { pathToFileURL } from "node:url"; register("./tests/support-public-inquiries-loader.mjs", pathToFileURL("./"));'
(Use `node --trace-warnings ...` to show where the warning was created)
TAP version 13
# Subtest: permission denial and unavailable Auth stop before service construction or any local query
ok 1 - permission denial and unavailable Auth stop before service construction or any local query
  ---
  duration_ms: 1.408133
  type: 'test'
  ...
# Subtest: queue excludes authenticated and foreign-source tickets using both exact predicates at query time
ok 2 - queue excludes authenticated and foreign-source tickets using both exact predicates at query time
  ---
  duration_ms: 0.955832
  type: 'test'
  ...
# Subtest: detail never reveals a foreign source, authenticated ticket or unknown id
ok 3 - detail never reveals a foreign source, authenticated ticket or unknown id
  ---
  duration_ms: 0.308325
  type: 'test'
  ...
# Subtest: public DTO exposes only incoming contact and inquiry fields, never audit or private metadata
ok 4 - public DTO exposes only incoming contact and inquiry fields, never audit or private metadata
  ---
  duration_ms: 0.176877
  type: 'test'
  ...
# Subtest: fresh canonical session gate runs on every list/detail read without cached permission or local-role fallback
ok 5 - fresh canonical session gate runs on every list/detail read without cached permission or local-role fallback
  ---
  duration_ms: 0.268856
  type: 'test'
  ...
# Subtest: invalid ids/status/page stop before queries and cannot supply arbitrary source or tenant
ok 6 - invalid ids/status/page stop before queries and cannot supply arbitrary source or tenant
  ---
  duration_ms: 0.4441
  type: 'test'
  ...
# Subtest: status filtering and bounded paging retain the closed source/nulluser scope
ok 7 - status filtering and bounded paging retain the closed source/nulluser scope
  ---
  duration_ms: 0.266893
  type: 'test'
  ...
# Subtest: own-project service configuration rejects browser, missing and foreign-project credentials
ok 8 - own-project service configuration rejects browser, missing and foreign-project credentials
  ---
  duration_ms: 0.586094
  type: 'test'
  ...
# Subtest: default adapter constructs only the fixed local tenant client after authoritative session and uses explicit service ENV
ok 9 - default adapter constructs only the fixed local tenant client after authoritative session and uses explicit service ENV
  ---
  duration_ms: 0.473304
  type: 'test'
  ...
# Subtest: database errors and unexpected out-of-scope returned rows are redacted
ok 10 - database errors and unexpected out-of-scope returned rows are redacted
  ---
  duration_ms: 0.436438
  type: 'test'
  ...
1..10
# tests 10
# suites 0
# pass 10
# fail 0
# cancelled 0
# skipped 0
# todo 0
# duration_ms 13.920303
